nohup: ignoring input
Load data info from datainfo/train_df_t00_v01_pNone_seq5x7_sample3.pickle
Number of samples in training dataset:  2725
Number of samples in validation dataset:  652
==================================================
CUDA used.
Load FlowNet pretrained model
Record loss in:  records/t00_v01_im96x160_s5x7_b16_rnn1000_optAdam_lr0.0001.txt
==================================================
Train take 16.7 sec
Valid take 3.8 sec
Epoch 1
train loss mean: 9.432827891506387, std: 80.02
valid loss mean: 0.7771082321802775, std: 0.10

Save model at ep 1, mean of valid loss: 0.7771082321802775
Save model at ep 1, mean of train loss: 9.432827891506387
==================================================
Train take 16.9 sec
Valid take 3.9 sec
Epoch 2
train loss mean: 0.10961237900267691, std: 0.02
valid loss mean: 0.8323137882428292, std: 0.11

Save model at ep 2, mean of train loss: 0.10961237900267691
==================================================
Train take 17.2 sec
Valid take 3.9 sec
Epoch 3
train loss mean: 0.06897935110348216, std: 0.01
valid loss mean: 0.824198875671778, std: 0.12

Save model at ep 3, mean of train loss: 0.06897935110348216
==================================================
Train take 17.1 sec
Valid take 3.9 sec
Epoch 4
train loss mean: 0.05784356521343338, std: 0.01
valid loss mean: 0.8300750438983624, std: 0.10

Save model at ep 4, mean of train loss: 0.05784356521343338
==================================================
Train take 17.1 sec
Valid take 3.9 sec
Epoch 5
train loss mean: 0.05022613738371423, std: 0.01
valid loss mean: 0.8095540297337067, std: 0.10

Save model at ep 5, mean of train loss: 0.05022613738371423
==================================================
Train take 17.1 sec
Valid take 3.9 sec
Epoch 6
train loss mean: 0.03905448149999923, std: 0.01
valid loss mean: 0.8298193613688151, std: 0.10

Save model at ep 6, mean of train loss: 0.03905448149999923
==================================================
Train take 17.1 sec
Valid take 3.9 sec
Epoch 7
train loss mean: 0.028048331149407392, std: 0.01
valid loss mean: 0.9608310613876734, std: 0.11

Save model at ep 7, mean of train loss: 0.028048331149407392
==================================================
Train take 17.1 sec
Valid take 3.9 sec
Epoch 8
train loss mean: 0.021890193786053263, std: 0.00
valid loss mean: 0.9721961617469788, std: 0.10

Save model at ep 8, mean of train loss: 0.021890193786053263
==================================================
Train take 17.2 sec
Valid take 3.9 sec
Epoch 9
train loss mean: 0.018773179049410765, std: 0.00
valid loss mean: 0.9513678046373221, std: 0.11

Save model at ep 9, mean of train loss: 0.018773179049410765
==================================================
Train take 17.1 sec
Valid take 3.9 sec
Epoch 10
train loss mean: 0.01693126721825649, std: 0.00
valid loss mean: 0.8985275503916618, std: 0.12

Save model at ep 10, mean of train loss: 0.01693126721825649
==================================================
Train take 17.1 sec
Valid take 3.9 sec
Epoch 11
train loss mean: 0.014542584897145718, std: 0.00
valid loss mean: 0.8612694954260801, std: 0.12

Save model at ep 11, mean of train loss: 0.014542584897145718
==================================================
Train take 17.1 sec
Valid take 3.9 sec
Epoch 12
train loss mean: 0.013212263027547732, std: 0.00
valid loss mean: 1.0245943848903363, std: 0.14

Save model at ep 12, mean of train loss: 0.013212263027547732
==================================================
Train take 17.1 sec
Valid take 3.9 sec
Epoch 13
train loss mean: 0.012571918505337641, std: 0.00
valid loss mean: 1.053128299040672, std: 0.15

Save model at ep 13, mean of train loss: 0.012571918505337641
==================================================
Train take 17.1 sec
Valid take 3.9 sec
Epoch 14
train loss mean: 0.011350286972968008, std: 0.00
valid loss mean: 0.9345543797199543, std: 0.12

Save model at ep 14, mean of train loss: 0.011350286972968008
==================================================
Train take 17.2 sec
Valid take 3.9 sec
Epoch 15
train loss mean: 0.010518408788246869, std: 0.00
valid loss mean: 1.0366921226183574, std: 0.16

Save model at ep 15, mean of train loss: 0.010518408788246869
==================================================
Train take 17.2 sec
Valid take 3.9 sec
Epoch 16
train loss mean: 0.009730023466954393, std: 0.00
valid loss mean: 1.0052064229280522, std: 0.17

Save model at ep 16, mean of train loss: 0.009730023466954393
==================================================
Train take 17.2 sec
Valid take 3.9 sec
Epoch 17
train loss mean: 0.009206874188608848, std: 0.00
valid loss mean: 1.0524107019106548, std: 0.13

Save model at ep 17, mean of train loss: 0.009206874188608848
==================================================
Train take 17.1 sec
Valid take 3.9 sec
Epoch 18
train loss mean: 0.008326252768113768, std: 0.00
valid loss mean: 1.0689303706853817, std: 0.15

Save model at ep 18, mean of train loss: 0.008326252768113768
==================================================
Train take 17.2 sec
Valid take 3.9 sec
Epoch 19
train loss mean: 0.008329465401155003, std: 0.00
valid loss mean: 1.0197221911870515, std: 0.14

==================================================
Train take 17.4 sec
Valid take 3.9 sec
Epoch 20
train loss mean: 0.007438220678878254, std: 0.00
valid loss mean: 1.0668568152647753, std: 0.14

Save model at ep 20, mean of train loss: 0.007438220678878254
==================================================
Train take 17.2 sec
Valid take 4.0 sec
Epoch 21
train loss mean: 0.006960565877317853, std: 0.00
valid loss mean: 1.0793119088197365, std: 0.14

Save model at ep 21, mean of train loss: 0.006960565877317853
==================================================
Train take 17.2 sec
Valid take 3.9 sec
Epoch 22
train loss mean: 0.0067071147433884395, std: 0.00
valid loss mean: 1.120813291806441, std: 0.14

Save model at ep 22, mean of train loss: 0.0067071147433884395
==================================================
Train take 17.2 sec
Valid take 3.9 sec
Epoch 23
train loss mean: 0.006490114169779438, std: 0.00
valid loss mean: 1.1252510838019543, std: 0.13

Save model at ep 23, mean of train loss: 0.006490114169779438
==================================================
Train take 17.2 sec
Valid take 4.5 sec
Epoch 24
train loss mean: 0.00607403132309531, std: 0.00
valid loss mean: 1.091459448520954, std: 0.17

Save model at ep 24, mean of train loss: 0.00607403132309531
==================================================
Train take 17.1 sec
Valid take 3.9 sec
Epoch 25
train loss mean: 0.005774324735042435, std: 0.00
valid loss mean: 1.100520589412787, std: 0.15

Save model at ep 25, mean of train loss: 0.005774324735042435
==================================================
Train take 17.2 sec
Valid take 3.9 sec
Epoch 26
train loss mean: 0.0055706291059968915, std: 0.00
valid loss mean: 1.1951496753937159, std: 0.17

Save model at ep 26, mean of train loss: 0.0055706291059968915
==================================================
Train take 17.2 sec
Valid take 3.9 sec
Epoch 27
train loss mean: 0.005227209925761766, std: 0.00
valid loss mean: 1.0640340798940413, std: 0.15

Save model at ep 27, mean of train loss: 0.005227209925761766
==================================================
Train take 17.4 sec
Valid take 3.9 sec
Epoch 28
train loss mean: 0.004825608111840822, std: 0.00
valid loss mean: 1.1861911584169438, std: 0.13

Save model at ep 28, mean of train loss: 0.004825608111840822
==================================================
Train take 17.2 sec
Valid take 3.9 sec
Epoch 29
train loss mean: 0.004799974124779451, std: 0.00
valid loss mean: 1.1438275606204302, std: 0.16

Save model at ep 29, mean of train loss: 0.004799974124779451
==================================================
Train take 17.2 sec
Valid take 3.9 sec
Epoch 30
train loss mean: 0.004977038725328869, std: 0.00
valid loss mean: 1.1314488893900163, std: 0.16

==================================================
Train take 17.4 sec
Valid take 3.9 sec
Epoch 31
train loss mean: 0.004511497103328095, std: 0.00
valid loss mean: 1.1362026211542962, std: 0.16

Save model at ep 31, mean of train loss: 0.004511497103328095
==================================================
Train take 17.2 sec
Valid take 3.9 sec
Epoch 32
train loss mean: 0.004216022257687601, std: 0.00
valid loss mean: 1.2159594358542027, std: 0.14

Save model at ep 32, mean of train loss: 0.004216022257687601
==================================================
Train take 17.2 sec
Valid take 3.9 sec
Epoch 33
train loss mean: 0.004094571192037953, std: 0.00
valid loss mean: 1.1823129409398787, std: 0.13

Save model at ep 33, mean of train loss: 0.004094571192037953
==================================================
Train take 17.2 sec
Valid take 3.9 sec
Epoch 34
train loss mean: 0.004041054102829134, std: 0.00
valid loss mean: 1.1323217229965405, std: 0.13

Save model at ep 34, mean of train loss: 0.004041054102829134
==================================================
Train take 17.2 sec
Valid take 3.9 sec
Epoch 35
train loss mean: 0.00372138472422737, std: 0.00
valid loss mean: 1.1983953974185846, std: 0.15

Save model at ep 35, mean of train loss: 0.00372138472422737
==================================================
Train take 17.2 sec
Valid take 4.0 sec
Epoch 36
train loss mean: 0.0037112178077050566, std: 0.00
valid loss mean: 1.1170716958168225, std: 0.15

Save model at ep 36, mean of train loss: 0.0037112178077050566
==================================================
Train take 17.2 sec
Valid take 3.9 sec
Epoch 37
train loss mean: 0.003605513203856067, std: 0.00
valid loss mean: 1.2166749009719262, std: 0.16

Save model at ep 37, mean of train loss: 0.003605513203856067
==================================================
Train take 17.2 sec
Valid take 3.9 sec
Epoch 38
train loss mean: 0.0035301795141143206, std: 0.00
valid loss mean: 1.1893011285708501, std: 0.16

Save model at ep 38, mean of train loss: 0.0035301795141143206
==================================================
Train take 17.2 sec
Valid take 3.9 sec
Epoch 39
train loss mean: 0.003381339867582776, std: 0.00
valid loss mean: 1.0555790387667143, std: 0.13

Save model at ep 39, mean of train loss: 0.003381339867582776
==================================================
Train take 17.2 sec
Valid take 3.9 sec
Epoch 40
train loss mean: 0.003405021481524558, std: 0.00
valid loss mean: 1.1514553137314625, std: 0.13

==================================================
Train take 17.3 sec
Valid take 3.9 sec
Epoch 41
train loss mean: 0.0032196751149569654, std: 0.00
valid loss mean: 1.0858805256012158, std: 0.14

Save model at ep 41, mean of train loss: 0.0032196751149569654
==================================================
Train take 17.1 sec
Valid take 3.9 sec
Epoch 42
train loss mean: 0.0031247673130500512, std: 0.00
valid loss mean: 1.150153948710515, std: 0.17

Save model at ep 42, mean of train loss: 0.0031247673130500512
==================================================
Train take 17.1 sec
Valid take 3.9 sec
Epoch 43
train loss mean: 0.0030008352695021934, std: 0.00
valid loss mean: 1.041813700627058, std: 0.16

Save model at ep 43, mean of train loss: 0.0030008352695021934
==================================================
Train take 17.1 sec
Valid take 3.9 sec
Epoch 44
train loss mean: 0.0029739643882453087, std: 0.00
valid loss mean: 1.208294383990459, std: 0.15

Save model at ep 44, mean of train loss: 0.0029739643882453087
==================================================
Train take 17.1 sec
Valid take 3.9 sec
Epoch 45
train loss mean: 0.002755099085032852, std: 0.00
valid loss mean: 1.2083349457153907, std: 0.14

Save model at ep 45, mean of train loss: 0.002755099085032852
==================================================
Train take 17.2 sec
Valid take 4.0 sec
Epoch 46
train loss mean: 0.002719692350640761, std: 0.00
valid loss mean: 1.0775813490916522, std: 0.13

Save model at ep 46, mean of train loss: 0.002719692350640761
==================================================
Train take 17.2 sec
Valid take 3.9 sec
Epoch 47
train loss mean: 0.00280276211061289, std: 0.00
valid loss mean: 1.0835304122704725, std: 0.16

==================================================
Train take 17.7 sec
Valid take 4.6 sec
Epoch 48
train loss mean: 0.0026002710550119715, std: 0.00
valid loss mean: 1.1310610878161895, std: 0.15

Save model at ep 48, mean of train loss: 0.0026002710550119715
==================================================
Train take 17.8 sec
Valid take 4.3 sec
Epoch 49
train loss mean: 0.0027926763397029784, std: 0.00
valid loss mean: 1.0776006671098561, std: 0.11

==================================================
Train take 17.8 sec
Valid take 4.0 sec
Epoch 50
train loss mean: 0.002477284770916332, std: 0.00
valid loss mean: 1.154915519249745, std: 0.15

Save model at ep 50, mean of train loss: 0.002477284770916332
==================================================
Train take 17.4 sec
Valid take 4.0 sec
Epoch 51
train loss mean: 0.0024727082634950883, std: 0.00
valid loss mean: 1.2147797101583235, std: 0.16

Save model at ep 51, mean of train loss: 0.0024727082634950883
==================================================
Train take 17.4 sec
Valid take 4.0 sec
Epoch 52
train loss mean: 0.0024256455745085104, std: 0.00
valid loss mean: 1.0456720498891978, std: 0.13

Save model at ep 52, mean of train loss: 0.0024256455745085104
==================================================
Train take 17.3 sec
Valid take 4.0 sec
Epoch 53
train loss mean: 0.0023691482344620238, std: 0.00
valid loss mean: 1.0192435261530755, std: 0.14

Save model at ep 53, mean of train loss: 0.0023691482344620238
==================================================
Train take 17.4 sec
Valid take 4.0 sec
Epoch 54
train loss mean: 0.002181097672227219, std: 0.00
valid loss mean: 1.107890954384437, std: 0.15

Save model at ep 54, mean of train loss: 0.002181097672227219
==================================================
Train take 17.3 sec
Valid take 4.0 sec
Epoch 55
train loss mean: 0.002230305569081088, std: 0.00
valid loss mean: 1.1179134051005046, std: 0.16

==================================================
Train take 17.5 sec
Valid take 4.0 sec
Epoch 56
train loss mean: 0.002504386633948682, std: 0.00
valid loss mean: 1.086566217434712, std: 0.14

==================================================
Train take 17.6 sec
Valid take 4.0 sec
Epoch 57
train loss mean: 0.006133133811413272, std: 0.00
valid loss mean: 1.106473526893518, std: 0.13

==================================================
Train take 17.7 sec
Valid take 4.0 sec
Epoch 58
train loss mean: 0.00426493736105205, std: 0.00
valid loss mean: 0.9647982044097705, std: 0.13

==================================================
Train take 17.8 sec
Valid take 4.1 sec
Epoch 59
train loss mean: 0.002878730874177972, std: 0.00
valid loss mean: 0.975332993727464, std: 0.11

==================================================
Train take 18.0 sec
Valid take 4.0 sec
Epoch 60
train loss mean: 0.002606919641501805, std: 0.00
valid loss mean: 1.040073893009088, std: 0.12

==================================================
Train take 17.9 sec
Valid take 4.0 sec
Epoch 61
train loss mean: 0.0022722493585739176, std: 0.00
valid loss mean: 1.028357832859724, std: 0.13

==================================================
Train take 18.0 sec
Valid take 4.0 sec
Epoch 62
train loss mean: 0.002094510137434145, std: 0.00
valid loss mean: 1.0491079688072205, std: 0.12

Save model at ep 62, mean of train loss: 0.002094510137434145
==================================================
Train take 17.5 sec
Valid take 4.0 sec
Epoch 63
train loss mean: 0.0020166385199698296, std: 0.00
valid loss mean: 1.0859294503163068, std: 0.17

Save model at ep 63, mean of train loss: 0.0020166385199698296
==================================================
Train take 17.5 sec
Valid take 4.1 sec
Epoch 64
train loss mean: 0.001947350467323772, std: 0.00
valid loss mean: 1.0629023710886638, std: 0.17

Save model at ep 64, mean of train loss: 0.001947350467323772
==================================================
Train take 17.5 sec
Valid take 4.0 sec
Epoch 65
train loss mean: 0.0019454191192246136, std: 0.00
valid loss mean: 1.041343086805099, std: 0.13

Save model at ep 65, mean of train loss: 0.0019454191192246136
==================================================
Train take 17.4 sec
Valid take 4.0 sec
Epoch 66
train loss mean: 0.0019606560063631048, std: 0.00
valid loss mean: 1.0093183272924178, std: 0.16

==================================================
Train take 17.7 sec
Valid take 4.0 sec
Epoch 67
train loss mean: 0.0018313391300844107, std: 0.00
valid loss mean: 1.0406907032697628, std: 0.15

Save model at ep 67, mean of train loss: 0.0018313391300844107
==================================================
Train take 17.6 sec
Valid take 4.0 sec
Epoch 68
train loss mean: 0.0022821472633971704, std: 0.00
valid loss mean: 1.0886424382527669, std: 0.15

==================================================
Train take 17.6 sec
Valid take 4.0 sec
Epoch 69
train loss mean: 0.0019030740220077644, std: 0.00
valid loss mean: 1.0810262851226025, std: 0.14

==================================================
Train take 17.8 sec
Valid take 4.0 sec
Epoch 70
train loss mean: 0.0017457646534767156, std: 0.00
valid loss mean: 1.108162713356507, std: 0.14

Save model at ep 70, mean of train loss: 0.0017457646534767156
==================================================
Train take 17.6 sec
Valid take 4.0 sec
Epoch 71
train loss mean: 0.0016284493299630971, std: 0.00
valid loss mean: 1.0350716282159855, std: 0.15

Save model at ep 71, mean of train loss: 0.0016284493299630971
==================================================
Train take 17.5 sec
Valid take 4.0 sec
Epoch 72
train loss mean: 0.0017347274997034634, std: 0.00
valid loss mean: 1.0435992525174067, std: 0.15

==================================================
Train take 18.8 sec
Valid take 5.4 sec
Epoch 73
train loss mean: 0.001643968480170743, std: 0.00
valid loss mean: 1.072216579547295, std: 0.18

==================================================
Train take 20.4 sec
Valid take 4.0 sec
Epoch 74
train loss mean: 0.001701373519092115, std: 0.00
valid loss mean: 1.030025072586842, std: 0.14

==================================================
Train take 17.8 sec
Valid take 4.0 sec
Epoch 75
train loss mean: 0.001604412691998323, std: 0.00
valid loss mean: 1.0062293991064415, std: 0.15

Save model at ep 75, mean of train loss: 0.001604412691998323
==================================================
Train take 17.6 sec
Valid take 4.0 sec
Epoch 76
train loss mean: 0.0015599460423009238, std: 0.00
valid loss mean: 0.9452057985159067, std: 0.13

Save model at ep 76, mean of train loss: 0.0015599460423009238
==================================================
Train take 17.5 sec
Valid take 4.0 sec
Epoch 77
train loss mean: 0.0015402148045825402, std: 0.00
valid loss mean: 0.9931694773527292, std: 0.15

Save model at ep 77, mean of train loss: 0.0015402148045825402
==================================================
Train take 17.5 sec
Valid take 4.0 sec
Epoch 78
train loss mean: 0.001566746818747636, std: 0.00
valid loss mean: 1.1182194673098051, std: 0.15

==================================================
Train take 17.6 sec
Valid take 4.0 sec
Epoch 79
train loss mean: 0.003272877854209658, std: 0.01
valid loss mean: 0.9506199604425675, std: 0.12

==================================================
Train take 20.3 sec
Valid take 5.7 sec
Epoch 80
train loss mean: 0.008687082810338432, std: 0.00
valid loss mean: 1.0409120412973256, std: 0.13

==================================================
Train take 18.5 sec
Valid take 4.0 sec
Epoch 81
train loss mean: 0.004773402530093782, std: 0.00
valid loss mean: 0.9787292847266564, std: 0.12

==================================================
Train take 17.9 sec
Valid take 4.1 sec
Epoch 82
train loss mean: 0.003644456491756016, std: 0.00
valid loss mean: 0.9589217244050442, std: 0.15

==================================================
Train take 17.9 sec
Valid take 4.1 sec
Epoch 83
train loss mean: 0.0028658793810699907, std: 0.00
valid loss mean: 1.0118880119079199, std: 0.14

==================================================
Train take 17.8 sec
Valid take 4.0 sec
Epoch 84
train loss mean: 0.002535748341638793, std: 0.00
valid loss mean: 1.1209254738612053, std: 0.13

==================================================
Train take 17.8 sec
Valid take 4.0 sec
Epoch 85
train loss mean: 0.002166142309023916, std: 0.00
valid loss mean: 0.9595471070362971, std: 0.13

==================================================
Train take 17.8 sec
Valid take 4.0 sec
Epoch 86
train loss mean: 0.0020674955721162037, std: 0.00
valid loss mean: 0.9865527015465957, std: 0.15

==================================================
Train take 17.8 sec
Valid take 4.0 sec
Epoch 87
train loss mean: 0.002000612212956701, std: 0.00
valid loss mean: 1.0113094800557845, std: 0.13

==================================================
Train take 17.8 sec
Valid take 4.0 sec
Epoch 88
train loss mean: 0.0018721832652691993, std: 0.00
valid loss mean: 1.0104907124470441, std: 0.12

==================================================
Train take 17.8 sec
Valid take 4.0 sec
Epoch 89
train loss mean: 0.001901899678315747, std: 0.00
valid loss mean: 0.981584004102609, std: 0.14

==================================================
Train take 18.1 sec
Valid take 5.5 sec
Epoch 90
train loss mean: 0.0015796430690693476, std: 0.00
valid loss mean: 0.9703991917463449, std: 0.12

==================================================
Train take 21.1 sec
Valid take 4.1 sec
Epoch 91
train loss mean: 0.0015577661705660749, std: 0.00
valid loss mean: 1.0485166876744, std: 0.12

==================================================
Train take 18.2 sec
Valid take 4.1 sec
Epoch 92
train loss mean: 0.0017118069133859062, std: 0.00
valid loss mean: 1.0305704382749705, std: 0.14

==================================================
Train take 18.0 sec
Valid take 4.0 sec
Epoch 93
train loss mean: 0.001538655319397156, std: 0.00
valid loss mean: 1.015312129106277, std: 0.18

Save model at ep 93, mean of train loss: 0.001538655319397156
==================================================
Train take 17.6 sec
Valid take 4.0 sec
Epoch 94
train loss mean: 0.0016790545134276107, std: 0.00
valid loss mean: 0.9779623471773587, std: 0.14

==================================================
Train take 17.8 sec
Valid take 4.0 sec
Epoch 95
train loss mean: 0.0020223856747244103, std: 0.00
valid loss mean: 0.9451806743939718, std: 0.12

==================================================
Train take 17.8 sec
Valid take 4.0 sec
Epoch 96
train loss mean: 0.0016923440305499592, std: 0.00
valid loss mean: 0.8971006197807117, std: 0.11

==================================================
Train take 17.8 sec
Valid take 4.1 sec
Epoch 97
train loss mean: 0.0016365824625469171, std: 0.00
valid loss mean: 1.0704856331531818, std: 0.14

==================================================
Train take 18.0 sec
Valid take 4.1 sec
Epoch 98
train loss mean: 0.0018721279259716, std: 0.00
valid loss mean: 0.9365046146588448, std: 0.13

==================================================
Train take 18.0 sec
Valid take 4.0 sec
Epoch 99
train loss mean: 0.0015511879375061165, std: 0.00
valid loss mean: 0.8845437933237125, std: 0.14

==================================================
Train take 17.8 sec
Valid take 4.0 sec
Epoch 100
train loss mean: 0.0015352900879121434, std: 0.00
valid loss mean: 0.9632373329920646, std: 0.12

Save model at ep 100, mean of train loss: 0.0015352900879121434
==================================================
Train take 17.5 sec
Valid take 4.0 sec
Epoch 101
train loss mean: 0.0016895595661739228, std: 0.00
valid loss mean: 1.0245538736001039, std: 0.16

==================================================
Train take 17.7 sec
Valid take 4.0 sec
Epoch 102
train loss mean: 0.0017646311054876924, std: 0.00
valid loss mean: 0.9826370584659088, std: 0.13

==================================================
Train take 17.7 sec
Valid take 4.0 sec
Epoch 103
train loss mean: 0.0015112456824966658, std: 0.00
valid loss mean: 1.0407013770861504, std: 0.14

Save model at ep 103, mean of train loss: 0.0015112456824966658
==================================================
Train take 17.5 sec
Valid take 4.0 sec
Epoch 104
train loss mean: 0.0013460755178060096, std: 0.00
valid loss mean: 1.0321890681217878, std: 0.15

Save model at ep 104, mean of train loss: 0.0013460755178060096
==================================================
Train take 17.7 sec
Valid take 4.0 sec
Epoch 105
train loss mean: 0.0013482080942664582, std: 0.00
valid loss mean: 1.0900630736962342, std: 0.12

==================================================
Train take 17.7 sec
Valid take 4.0 sec
Epoch 106
train loss mean: 0.0013021102840543764, std: 0.00
valid loss mean: 1.0455913253319569, std: 0.16

Save model at ep 106, mean of train loss: 0.0013021102840543764
==================================================
Train take 17.6 sec
Valid take 4.0 sec
Epoch 107
train loss mean: 0.0018467274012275525, std: 0.00
valid loss mean: 1.1467109612929516, std: 0.18

==================================================
Train take 17.7 sec
Valid take 4.0 sec
Epoch 108
train loss mean: 0.002069117640525367, std: 0.00
valid loss mean: 0.9686681353128873, std: 0.14

==================================================
Train take 17.8 sec
Valid take 4.0 sec
Epoch 109
train loss mean: 0.0022438036521742416, std: 0.00
valid loss mean: 1.0543574094772339, std: 0.18

==================================================
Train take 17.9 sec
Valid take 4.0 sec
Epoch 110
train loss mean: 0.0014405487220287983, std: 0.00
valid loss mean: 1.0697082739609938, std: 0.13

==================================================
Train take 17.8 sec
Valid take 4.0 sec
Epoch 111
train loss mean: 0.0012771337036148111, std: 0.00
valid loss mean: 1.0811668175917406, std: 0.17

Save model at ep 111, mean of train loss: 0.0012771337036148111
==================================================
Train take 17.5 sec
Valid take 4.1 sec
Epoch 112
train loss mean: 0.001207576169819742, std: 0.00
valid loss mean: 1.0240052785628881, std: 0.15

Save model at ep 112, mean of train loss: 0.001207576169819742
==================================================
Train take 17.5 sec
Valid take 4.0 sec
Epoch 113
train loss mean: 0.0012151334708909224, std: 0.00
valid loss mean: 1.0879652958649855, std: 0.14

==================================================
Train take 17.7 sec
Valid take 4.0 sec
Epoch 114
train loss mean: 0.0011984679039248084, std: 0.00
valid loss mean: 0.9833138019610674, std: 0.17

Save model at ep 114, mean of train loss: 0.0011984679039248084
==================================================
Train take 17.6 sec
Valid take 4.0 sec
Epoch 115
train loss mean: 0.0011517906037280502, std: 0.00
valid loss mean: 0.9859068500689971, std: 0.17

Save model at ep 115, mean of train loss: 0.0011517906037280502
==================================================
Train take 17.3 sec
Valid take 4.0 sec
Epoch 116
train loss mean: 0.0011770302400863648, std: 0.00
valid loss mean: 1.0240661914532, std: 0.12

==================================================
Train take 17.6 sec
Valid take 4.0 sec
Epoch 117
train loss mean: 0.0012119058089071785, std: 0.00
valid loss mean: 1.0251948199211023, std: 0.18

==================================================
Train take 17.7 sec
Valid take 4.0 sec
Epoch 118
train loss mean: 0.0011840788974735292, std: 0.00
valid loss mean: 1.0494501346196883, std: 0.20

==================================================
Train take 17.9 sec
Valid take 4.0 sec
Epoch 119
train loss mean: 0.0011958712374394726, std: 0.00
valid loss mean: 0.9125483677937434, std: 0.15

==================================================
Train take 17.9 sec
Valid take 4.0 sec
Epoch 120
train loss mean: 0.0011649805871279326, std: 0.00
valid loss mean: 0.984561142248985, std: 0.15

==================================================
Train take 17.9 sec
Valid take 4.0 sec
Epoch 121
train loss mean: 0.0012403303232407694, std: 0.00
valid loss mean: 1.0223644039569757, std: 0.15

==================================================
Train take 17.9 sec
Valid take 4.0 sec
Epoch 122
train loss mean: 0.002129866876611872, std: 0.00
valid loss mean: 1.2520677279203365, std: 0.16

==================================================
Train take 18.0 sec
Valid take 4.0 sec
Epoch 123
train loss mean: 0.0074517371934788995, std: 0.00
valid loss mean: 0.9020593502582648, std: 0.12

==================================================
Train take 18.0 sec
Valid take 4.1 sec
Epoch 124
train loss mean: 0.002934303356488869, std: 0.00
valid loss mean: 0.920909902988336, std: 0.14

==================================================
Train take 17.8 sec
Valid take 4.0 sec
Epoch 125
train loss mean: 0.00210830205279959, std: 0.00
valid loss mean: 0.8469058244656293, std: 0.09

==================================================
Train take 17.9 sec
Valid take 4.0 sec
Epoch 126
train loss mean: 0.0017790406375445603, std: 0.00
valid loss mean: 0.8366958697636923, std: 0.15

==================================================
Train take 17.8 sec
Valid take 4.0 sec
Epoch 127
train loss mean: 0.001473587183020017, std: 0.00
valid loss mean: 0.8592047400963612, std: 0.13

==================================================
Train take 17.9 sec
Valid take 4.0 sec
Epoch 128
train loss mean: 0.0013262633397519456, std: 0.00
valid loss mean: 0.9087539895986899, std: 0.13

==================================================
Train take 17.9 sec
Valid take 4.0 sec
Epoch 129
train loss mean: 0.001230573805859147, std: 0.00
valid loss mean: 0.9196866506185287, std: 0.15

==================================================
Train take 17.8 sec
Valid take 4.0 sec
Epoch 130
train loss mean: 0.001172818637869084, std: 0.00
valid loss mean: 0.8834928014339545, std: 0.15

==================================================
Train take 17.8 sec
Valid take 4.0 sec
Epoch 131
train loss mean: 0.0010881222810006574, std: 0.00
valid loss mean: 0.849896082511315, std: 0.11

Save model at ep 131, mean of train loss: 0.0010881222810006574
==================================================
Train take 17.4 sec
Valid take 4.0 sec
Epoch 132
train loss mean: 0.0011819227806639653, std: 0.00
valid loss mean: 0.8716847942425654, std: 0.14

==================================================
Train take 17.7 sec
Valid take 4.0 sec
Epoch 133
train loss mean: 0.0010994118683111782, std: 0.00
valid loss mean: 0.9265052936015985, std: 0.11

==================================================
Train take 17.8 sec
Valid take 4.1 sec
Epoch 134
train loss mean: 0.0011317900439845564, std: 0.00
valid loss mean: 0.9090407337897863, std: 0.15

==================================================
Train take 17.7 sec
Valid take 4.0 sec
Epoch 135
train loss mean: 0.0011560006887574828, std: 0.00
valid loss mean: 0.9250013583745712, std: 0.12

==================================================
Train take 17.9 sec
Valid take 4.0 sec
Epoch 136
train loss mean: 0.0010754626530867356, std: 0.00
valid loss mean: 0.9844430119563372, std: 0.12

Save model at ep 136, mean of train loss: 0.0010754626530867356
==================================================
Train take 17.5 sec
Valid take 4.0 sec
Epoch 137
train loss mean: 0.0011474889270498378, std: 0.00
valid loss mean: 0.904564869709504, std: 0.10

==================================================
Train take 17.7 sec
Valid take 4.0 sec
Epoch 138
train loss mean: 0.0010590596880885007, std: 0.00
valid loss mean: 0.8941441606252621, std: 0.12

Save model at ep 138, mean of train loss: 0.0010590596880885007
==================================================
Train take 17.4 sec
Valid take 4.0 sec
Epoch 139
train loss mean: 0.0011549515738537722, std: 0.00
valid loss mean: 0.9543962738452814, std: 0.14

==================================================
Train take 17.7 sec
Valid take 4.0 sec
Epoch 140
train loss mean: 0.001196246195003148, std: 0.00
valid loss mean: 0.8869660343879309, std: 0.12

==================================================
Train take 17.7 sec
Valid take 4.0 sec
Epoch 141
train loss mean: 0.0011861581539944607, std: 0.00
valid loss mean: 0.9158785572418799, std: 0.13

==================================================
Train take 17.9 sec
Valid take 4.0 sec
Epoch 142
train loss mean: 0.004467383638084949, std: 0.00
valid loss mean: 0.679421841334074, std: 0.11

Save model at ep 142, mean of valid loss: 0.679421841334074
==================================================
Train take 17.4 sec
Valid take 4.0 sec
Epoch 143
train loss mean: 0.0018390187915805838, std: 0.00
valid loss mean: 0.6986741668138748, std: 0.09

==================================================
Train take 17.7 sec
Valid take 4.0 sec
Epoch 144
train loss mean: 0.0014625293321180097, std: 0.00
valid loss mean: 0.7095102866490682, std: 0.09

==================================================
Train take 17.7 sec
Valid take 4.0 sec
Epoch 145
train loss mean: 0.0012647684042882063, std: 0.00
valid loss mean: 0.7026518476315033, std: 0.09

==================================================
Train take 17.8 sec
Valid take 4.0 sec
Epoch 146
train loss mean: 0.0012409729464943988, std: 0.00
valid loss mean: 0.66938011157207, std: 0.09

Save model at ep 146, mean of valid loss: 0.66938011157207
==================================================
Train take 17.6 sec
Valid take 4.0 sec
Epoch 147
train loss mean: 0.0010856879680808745, std: 0.00
valid loss mean: 0.7606376394247397, std: 0.11

==================================================
Train take 17.6 sec
Valid take 4.0 sec
Epoch 148
train loss mean: 0.0011189761344266272, std: 0.00
valid loss mean: 0.8211364211180271, std: 0.08

==================================================
Train take 17.8 sec
Valid take 4.0 sec
Epoch 149
train loss mean: 0.0009947678407643144, std: 0.00
valid loss mean: 0.7924644442705008, std: 0.13

Save model at ep 149, mean of train loss: 0.0009947678407643144
==================================================
Train take 17.5 sec
Valid take 5.0 sec
Epoch 150
train loss mean: 0.0009643180111902573, std: 0.00
valid loss mean: 0.7484823633462955, std: 0.10

Save model at ep 150, mean of train loss: 0.0009643180111902573
==================================================
Train take 86.4 sec
Valid take 16.6 sec
Epoch 151
train loss mean: 0.0011036900979791873, std: 0.00
valid loss mean: 0.7987385063599317, std: 0.13

==================================================
Train take 106.6 sec
Valid take 13.8 sec
Epoch 152
train loss mean: 0.00091653569865305, std: 0.00
valid loss mean: 0.7808701273722526, std: 0.11

Save model at ep 152, mean of train loss: 0.00091653569865305
==================================================
Train take 48.7 sec
Valid take 8.5 sec
Epoch 153
train loss mean: 0.0009244597556907132, std: 0.00
valid loss mean: 0.8054660405868139, std: 0.12

==================================================
Train take 17.5 sec
Valid take 4.0 sec
Epoch 154
train loss mean: 0.0009121725841331676, std: 0.00
valid loss mean: 0.7644398197149619, std: 0.11

Save model at ep 154, mean of train loss: 0.0009121725841331676
==================================================
Train take 17.3 sec
Valid take 4.0 sec
Epoch 155
train loss mean: 0.0009117129886696478, std: 0.00
valid loss mean: 0.8312739256100777, std: 0.13

Save model at ep 155, mean of train loss: 0.0009117129886696478
==================================================
Train take 17.3 sec
Valid take 4.0 sec
Epoch 156
train loss mean: 0.0010451187480230038, std: 0.00
valid loss mean: 0.8610798823527801, std: 0.11

==================================================
Train take 17.6 sec
Valid take 4.0 sec
Epoch 157
train loss mean: 0.0009132064057489273, std: 0.00
valid loss mean: 0.8316277785178943, std: 0.12

==================================================
Train take 17.7 sec
Valid take 4.0 sec
Epoch 158
train loss mean: 0.0008514482562758095, std: 0.00
valid loss mean: 0.785565150089753, std: 0.13

Save model at ep 158, mean of train loss: 0.0008514482562758095
==================================================
Train take 17.5 sec
Valid take 4.0 sec
Epoch 159
train loss mean: 0.0008747263859059199, std: 0.00
valid loss mean: 0.8199281417406522, std: 0.13

==================================================
Train take 17.7 sec
Valid take 4.0 sec
Epoch 160
train loss mean: 0.0008795009454100575, std: 0.00
valid loss mean: 0.8275690827614222, std: 0.11

==================================================
Train take 17.8 sec
Valid take 4.0 sec
Epoch 161
train loss mean: 0.0008866913133085921, std: 0.00
valid loss mean: 0.8403154137807015, std: 0.15

==================================================
Train take 18.1 sec
Valid take 4.0 sec
Epoch 162
train loss mean: 0.0008483556234939079, std: 0.00
valid loss mean: 0.7814902709080622, std: 0.10

Save model at ep 162, mean of train loss: 0.0008483556234939079
==================================================
Train take 17.8 sec
Valid take 4.1 sec
Epoch 163
train loss mean: 0.0008384342429010451, std: 0.00
valid loss mean: 0.7758169953639691, std: 0.12

Save model at ep 163, mean of train loss: 0.0008384342429010451
==================================================
Train take 18.0 sec
Valid take 4.0 sec
Epoch 164
train loss mean: 0.0009324624362958253, std: 0.00
valid loss mean: 0.8617811218286172, std: 0.12

==================================================
Train take 17.6 sec
Valid take 4.0 sec
Epoch 165
train loss mean: 0.0009972686251107405, std: 0.00
valid loss mean: 0.8512083612955533, std: 0.14

==================================================
Train take 17.7 sec
Valid take 3.9 sec
Epoch 166
train loss mean: 0.0009154873246054259, std: 0.00
valid loss mean: 0.9188316250458742, std: 0.11

==================================================
Train take 17.6 sec
Valid take 3.9 sec
Epoch 167
train loss mean: 0.0008831746237677626, std: 0.00
valid loss mean: 0.8245941935441433, std: 0.12

==================================================
Train take 17.7 sec
Valid take 4.0 sec
Epoch 168
train loss mean: 0.000891417033829831, std: 0.00
valid loss mean: 0.9019398918518653, std: 0.14

==================================================
Train take 17.6 sec
Valid take 4.0 sec
Epoch 169
train loss mean: 0.0008329206126323246, std: 0.00
valid loss mean: 0.871887770982889, std: 0.14

Save model at ep 169, mean of train loss: 0.0008329206126323246
==================================================
Train take 17.3 sec
Valid take 4.0 sec
Epoch 170
train loss mean: 0.0008475389374632212, std: 0.00
valid loss mean: 0.9218454895875393, std: 0.15

==================================================
Train take 17.5 sec
Valid take 4.0 sec
Epoch 171
train loss mean: 0.0008875417756261138, std: 0.00
valid loss mean: 0.9280696282019982, std: 0.13

==================================================
Train take 17.7 sec
Valid take 3.9 sec
Epoch 172
train loss mean: 0.0008076396664003869, std: 0.00
valid loss mean: 0.9170189820803128, std: 0.12

Save model at ep 172, mean of train loss: 0.0008076396664003869
==================================================
Train take 17.3 sec
Valid take 4.0 sec
Epoch 173
train loss mean: 0.0008803062315220179, std: 0.00
valid loss mean: 0.9073789425385304, std: 0.17

==================================================
Train take 17.6 sec
Valid take 3.9 sec
Epoch 174
train loss mean: 0.0009951660898307438, std: 0.00
valid loss mean: 0.8380588873838767, std: 0.12

==================================================
Train take 17.7 sec
Valid take 4.0 sec
Epoch 175
train loss mean: 0.0009003269510927814, std: 0.00
valid loss mean: 0.875452105815594, std: 0.14

==================================================
Train take 17.6 sec
Valid take 4.0 sec
Epoch 176
train loss mean: 0.0009314197366340802, std: 0.00
valid loss mean: 0.9383631577858558, std: 0.14

==================================================
Train take 17.7 sec
Valid take 4.0 sec
Epoch 177
train loss mean: 0.003391348901507858, std: 0.00
valid loss mean: 0.8423715432484945, std: 0.12

==================================================
Train take 17.6 sec
Valid take 4.0 sec
Epoch 178
train loss mean: 0.0013930787326845192, std: 0.00
valid loss mean: 0.9165459642043481, std: 0.15

==================================================
Train take 17.7 sec
Valid take 4.0 sec
Epoch 179
train loss mean: 0.001029644125987109, std: 0.00
valid loss mean: 0.8913772732783587, std: 0.12

==================================================
Train take 17.6 sec
Valid take 4.0 sec
Epoch 180
train loss mean: 0.0009912174662090178, std: 0.00
valid loss mean: 0.9126520187426836, std: 0.15

==================================================
Train take 17.7 sec
Valid take 4.0 sec
Epoch 181
train loss mean: 0.0008876032592761799, std: 0.00
valid loss mean: 0.8589843694980328, std: 0.15

==================================================
Train take 17.6 sec
Valid take 4.0 sec
Epoch 182
train loss mean: 0.0009250918864107211, std: 0.00
valid loss mean: 0.8887243866920471, std: 0.14

==================================================
Train take 17.7 sec
Valid take 4.0 sec
Epoch 183
train loss mean: 0.0007979882217684661, std: 0.00
valid loss mean: 0.8914774732711988, std: 0.14

Save model at ep 183, mean of train loss: 0.0007979882217684661
==================================================
Train take 17.3 sec
Valid take 4.0 sec
Epoch 184
train loss mean: 0.0008084873853805172, std: 0.00
valid loss mean: 0.8638816002087716, std: 0.12

==================================================
Train take 17.5 sec
Valid take 4.0 sec
Epoch 185
train loss mean: 0.000736982550109687, std: 0.00
valid loss mean: 0.9141865051709689, std: 0.11

Save model at ep 185, mean of train loss: 0.000736982550109687
==================================================
Train take 17.3 sec
Valid take 3.9 sec
Epoch 186
train loss mean: 0.0008030667657875759, std: 0.00
valid loss mean: 0.9220688770978879, std: 0.13

==================================================
Train take 17.5 sec
Valid take 3.9 sec
Epoch 187
train loss mean: 0.0007715881233842019, std: 0.00
valid loss mean: 0.8631822726665399, std: 0.12

==================================================
Train take 17.6 sec
Valid take 3.9 sec
Epoch 188
train loss mean: 0.0007660299580552499, std: 0.00
valid loss mean: 0.8815964842453982, std: 0.11

==================================================
Train take 17.6 sec
Valid take 3.9 sec
Epoch 189
train loss mean: 0.0007043554457579602, std: 0.00
valid loss mean: 0.8826569181222182, std: 0.12

Save model at ep 189, mean of train loss: 0.0007043554457579602
==================================================
Train take 17.4 sec
Valid take 4.0 sec
Epoch 190
train loss mean: 0.0008851434935928603, std: 0.00
valid loss mean: 0.8525234139882601, std: 0.14

==================================================
Train take 17.6 sec
Valid take 4.4 sec
Epoch 191
train loss mean: 0.0007877029007033462, std: 0.00
valid loss mean: 0.8530591619320405, std: 0.13

==================================================
Train take 17.7 sec
Valid take 4.0 sec
Epoch 192
train loss mean: 0.0007570651538956624, std: 0.00
valid loss mean: 0.9246186980834374, std: 0.12

==================================================
Train take 17.7 sec
Valid take 4.0 sec
Epoch 193
train loss mean: 0.000759730292566826, std: 0.00
valid loss mean: 0.8869835887199793, std: 0.12

==================================================
Train take 17.7 sec
Valid take 4.0 sec
Epoch 194
train loss mean: 0.0007457883505718287, std: 0.00
valid loss mean: 0.9374644389519324, std: 0.13

==================================================
Train take 17.7 sec
Valid take 4.0 sec
Epoch 195
train loss mean: 0.0007239475351353259, std: 0.00
valid loss mean: 0.9047331565465683, std: 0.12

==================================================
Train take 17.7 sec
Valid take 4.0 sec
Epoch 196
train loss mean: 0.0007341515044502628, std: 0.00
valid loss mean: 0.8395791863783811, std: 0.12

==================================================
Train take 17.6 sec
Valid take 3.9 sec
Epoch 197
train loss mean: 0.0007006343157573454, std: 0.00
valid loss mean: 0.8635102227712289, std: 0.12

Save model at ep 197, mean of train loss: 0.0007006343157573454
==================================================
Train take 17.3 sec
Valid take 4.0 sec
Epoch 198
train loss mean: 0.0007000989315083482, std: 0.00
valid loss mean: 0.8289585732496701, std: 0.14

Save model at ep 198, mean of train loss: 0.0007000989315083482
==================================================
Train take 17.3 sec
Valid take 3.9 sec
Epoch 199
train loss mean: 0.0007728187401073616, std: 0.00
valid loss mean: 0.8547331048892095, std: 0.13

==================================================
Train take 17.5 sec
Valid take 4.0 sec
Epoch 200
train loss mean: 0.0007159776295763964, std: 0.00
valid loss mean: 0.8462872474621503, std: 0.12

